I'm sorry, but errors were detected in your script. Please correct the
errors listed below, and try again.


File "game/script.rpy", line 43: expected statement.
    roulette_color = 1
                   ^

Ren'Py Version: Ren'Py 8.2.1.24030407
Thu May  9 14:54:01 2024
